<foo bar="eggs'spam'" baz="ham&quot;spam&quot;"></foo>