Error: Bad syntax: Expected > to end a comment at (1, 19).
