Error: End of input seen, instead of expected end of comment.
