Error: Bad syntax: Expected the start of a NCName at (2, 4).
