Error: Duplicate definitions for prefix 'a' at (1:20-1:27) and (1:6-1:13).
