Error: Misnested tags: Open tag is 'b:foo' at (2, 3), but close tag is 'a:baz' at (4, 5).
