Error: Bad syntax: Expected a space before an attribute definition at (1, 16).
