Warning: Non-ASCII literal characters at (1:21-1:22).
Error: Namespace is not in NFD at (1:6-1:11).
