<foo>Hi &#x3042; <span>&#x3042;&#x3042;</span> &#x3042; &#x3042; &#x3042;</foo>