<scene>hello ladies &amp; gentlemen &lt;fake tag&gt; "quotes!" apostrophe's included too</scene>