Error: Trailing opening tag at (2, 1); the root element was closed at (1, 8).
