<!ENTITY foo "&#x26;#x26;&#x26;#x68;&#x26;#x65;&#x26;#x6c;&#x26;#x6c;&#x26;#x6f;&#x26;#x21;">
<!ENTITY bar "&#x26;#x3c;&#x26;#x6d;&#x26;#x61;&#x26;#x72;&#x26;#x6b;&#x26;#x75;&#x26;#x70;">
<!ENTITY baz "&#x26;#x6e;&#x26;#x65;&#x26;#x77;&#x26;#x6c;&#x26;#x69;&#x26;#x6e;&#x26;#x65;&#x26;#xa;&#x26;#x73;&#x26;#x65;&#x26;#x70;&#x26;#x61;&#x26;#x72;&#x26;#x61;&#x26;#x74;&#x26;#x65;&#x26;#x64;">
<!ENTITY qux "&#x26;#x2012;">
