<result><pre-root></pre-root><foo><!--
Line 1: CR
Line 2: CR LF
Line 3: done!
-->bar</foo><post-root></post-root></result>