<result><pre-root></pre-root><foo>hello <!--A--> bye <!--B --> ok</foo><post-root></post-root></result>