<result><pre-root></pre-root><foo>hello</foo><post-root></post-root></result>