<result><pre-root><comment> A </comment><comment> B </comment><comment> C </comment><comment> D </comment></pre-root><foo></foo><post-root><comment> E </comment><comment> F </comment></post-root></result>