<result><pre-root></pre-root><foo>Hi <!-- ああ --> </foo><post-root></post-root></result>