Error: Reference at (1, 1), before the root element.
