Error: Reference at (1, 17), before the root element.
