Error: Doctype (at (1, 1)) and root element (at (2:1-2:8)) name mis-match.
