Error: Duplicate default namespace definitions at (1:16-1:21) and (1:6-1:11).
