Error: Duplicate attributes at (1:14-1:15) and (1:6-1:7).
