Error: Duplicate attributes at (1:41-1:47) and (1:30-1:36).
