Error: Close tag seen at (1, 1), before the doctype.
