Error: Reference at (1, 15), before the root element.
