Error: Bad syntax: '<' in attribute value at (1, 12).
