Error: Bad syntax: Expected a space before the system literal at (1, 24).
