Error: Bad syntax: Expected a space before the public literal at (1, 24).
