Error: Unknown entity 'foobarbazunknownandundefined' at (4:4-4:32).
Error: Unknown entity 'spameggsandham' at (5:17-5:31).
