Error: Non-NFD attribute or element name at (1:2-1:8).
