Error: Unexpected text at (2, 1) before the doctype.
