Error: Unexpected text at (1, 3) before the doctype.
