Error: Reference at (2, 1), after the root element.
