Error: Unknown namespace prefix 'x' at (1:1-1:10).
