Error: Unknown namespace prefix 'b' at (1:6-1:11).
