Error: End of input seen, instead of expected '</'.
