Warning: The doctype with system identifier "example:invalid" at (1, 1) is not recognised.
Error: Unknown entity 'copy' at (2:9-2:13).
