Error: Unknown entity 'foobarbazunknownandundefined' at (4:2-4:30).
