<!DOCTYPE html><html><head></head><body>&amp; &quot; ' &nbsp; &lt; &gt;</body></html>