<!DOCTYPE html><html><head></head><body bar baz="b c" foo=a>Hello!</body></html>