<!DOCTYPE html><html><head></head><body class="foo bar">Hello!</body></html>