Error while HTMLifying: <style> can't have &lt; in it in the HTML syntax, but there's one at (1:58-1:60).