<!DOCTYPE html><html><head></head><body><svg><circle radius=40></circle></svg></body></html>