<!DOCTYPE html><html xml:space=preserve><head></head><body>Hello!</body></html>