<!DOCTYPE html><html><head></head><body alt="&amp; &quot; ' &nbsp; &lt; &gt;">Hello!</body></html>