<!DOCTYPE html><html><head></head><body>Hello!<hr>Goodbye!</body></html>