<!DOCTYPE html><html><head><style>& " ' ></style></head><body>Hello!</body></html>