Error while HTMLifying: <style> can't have child elements, but there's one at (1:57-1:76).